============================= test session starts ==============================
platform darwin -- Python 3.13.6, pytest-8.4.2, pluggy-1.6.0
rootdir: /Users/hue/code/dopemux-mvp
configfile: pytest.ini
plugins: anyio-4.10.0, langsmith-0.4.38, asyncio-0.26.0, libtmux-0.46.2, cov-7.0.0
asyncio: mode=Mode.AUTO, asyncio_default_fixture_loop_scope=None, asyncio_default_test_loop_scope=function
collected 3 items

tests/unit/test_env_export_allowlist.py ⚠️  Could not persist instance environment: <MagicMock id='4448339680'> and <MagicMock name='Path().__truediv__()' id='4448340016'> are the same file
.FF
ERROR: Coverage failure: total of 7 is less than fail-under=80


=================================== FAILURES ===================================
________________________ test_env_export_secrets_opt_in ________________________

project_root = <MagicMock id='4448349088'>, instance_id = 'A'
env_vars = {'ANTHROPIC_API_KEY': 'sk-secret-123', 'DOPEMUX_INSTANCE_ID': 'A', 'LITELLM_MASTER_KEY': 'sk-master-456'}

    def _persist_instance_env_exports(
        project_root: Path, instance_id: str, env_vars: Dict[str, str]
    ) -> None:
        """
        Persist instance environment variables for use outside Dopemux processes.
    
        Writes both `export`-style and `.env`-style files with a strict allowlist
        of routing and identity variables.
        """
        try:
            target_dir = project_root / ".dopemux" / "env"
            target_dir.mkdir(parents=True, exist_ok=True)
    
            slug = instance_id or "A"
            export_path = target_dir / f"instance_{slug}.sh"
            env_path = target_dir / f"instance_{slug}.env"
    
            allowlist = _get_routing_allowlist()
            export_secrets = os.environ.get("DOPEMUX_EXPORT_SECRETS") == "1"
    
            filtered_vars = {}
            for k, v in env_vars.items():
                if k not in allowlist:
                    continue
    
                # Pattern-based secret detection
                is_secret = any(p in k for p in ("API_KEY", "TOKEN", "SECRET", "PASSWORD", "MASTER_KEY"))
                if is_secret and not export_secrets:
                    continue
    
                filtered_vars[k] = v
    
            sorted_items = sorted(filtered_vars.items())
    
            with export_path.open("w", encoding="utf-8") as export_file:
                export_file.write("#!/usr/bin/env bash\n")
                export_file.write("# Autogenerated by Dopemux – current instance environment\n")
                export_file.write("# Source this file in your shell to mirror Dopemux routing context.\n\n")
                for key, value in sorted_items:
                    value_str = "" if value is None else str(value)
                    export_file.write(f"export {key}={shlex.quote(value_str)}\n")
    
            with env_path.open("w", encoding="utf-8") as env_file:
                env_file.write("# Autogenerated by Dopemux – docker-compose compatible env file\n")
                for key, value in sorted_items:
                    value_str = "" if value is None else str(value)
                    safe_value = value_str.replace("\\", "\\\\").replace('"', '\\"')
                    env_file.write(f'{key}="{safe_value}"\n')
    
            # Refresh convenience pointers for the active instance
>           shutil.copyfile(export_path, target_dir / "current.sh")

src/dopemux/cli.py:243: 
_ _ _ _ _ _ _ _ _ _ _ _ _ _ _ _ _ _ _ _ _ _ _ _ _ _ _ _ _ _ _ _ _ _ _ _ _ _ _ _ 

src = <MagicMock id='4448346064'>
dst = <MagicMock name='Path().__truediv__()' id='4448346400'>

    def copyfile(src, dst, *, follow_symlinks=True):
        """Copy data from src to dst in the most efficient way possible.
    
        If follow_symlinks is not set and src is a symbolic link, a new
        symlink will be created instead of copying the file it points to.
    
        """
        sys.audit("shutil.copyfile", src, dst)
    
        if _samefile(src, dst):
>           raise SameFileError("{!r} and {!r} are the same file".format(src, dst))
E           shutil.SameFileError: <MagicMock id='4448346064'> and <MagicMock name='Path().__truediv__()' id='4448346400'> are the same file

../../.pyenv/versions/3.13.6/lib/python3.13/shutil.py:240: SameFileError

During handling of the above exception, another exception occurred:

mock_env_get = <MagicMock name='get' id='4448345392'>
mock_path_cls = <MagicMock name='Path' id='4448345728'>

    @patch("dopemux.cli.Path")
    @patch("os.environ.get")
    def test_env_export_secrets_opt_in(mock_env_get, mock_path_cls):
        """
        Verify that secrets are exported when DOPEMUX_EXPORT_SECRETS=1.
        """
        mock_env_get.side_effect = lambda k, default=None: "1" if k == "DOPEMUX_EXPORT_SECRETS" else None
    
        mock_file = MagicMock()
        mock_instance_dir = MagicMock()
        mock_handle = MagicMock()
        mock_file.open.return_value.__enter__.return_value = mock_handle
    
        def path_div_side_effect(name):
            return mock_file if "instance_" in str(name) else mock_instance_dir
    
        mock_instance_dir.__truediv__.side_effect = path_div_side_effect
        mock_path_cls.return_value.__truediv__.return_value = mock_instance_dir
    
        mock_root = MagicMock()
        mock_root.__truediv__.return_value = mock_instance_dir
    
        input_vars = {
            "ANTHROPIC_API_KEY": "sk-secret-123",
            "LITELLM_MASTER_KEY": "sk-master-456",
            "DOPEMUX_INSTANCE_ID": "A",
        }
    
>       _persist_instance_env_exports(mock_root, "A", input_vars)

tests/unit/test_env_export_allowlist.py:90: 
_ _ _ _ _ _ _ _ _ _ _ _ _ _ _ _ _ _ _ _ _ _ _ _ _ _ _ _ _ _ _ _ _ _ _ _ _ _ _ _ 

project_root = <MagicMock id='4448349088'>, instance_id = 'A'
env_vars = {'ANTHROPIC_API_KEY': 'sk-secret-123', 'DOPEMUX_INSTANCE_ID': 'A', 'LITELLM_MASTER_KEY': 'sk-master-456'}

    def _persist_instance_env_exports(
        project_root: Path, instance_id: str, env_vars: Dict[str, str]
    ) -> None:
        """
        Persist instance environment variables for use outside Dopemux processes.
    
        Writes both `export`-style and `.env`-style files with a strict allowlist
        of routing and identity variables.
        """
        try:
            target_dir = project_root / ".dopemux" / "env"
            target_dir.mkdir(parents=True, exist_ok=True)
    
            slug = instance_id or "A"
            export_path = target_dir / f"instance_{slug}.sh"
            env_path = target_dir / f"instance_{slug}.env"
    
            allowlist = _get_routing_allowlist()
            export_secrets = os.environ.get("DOPEMUX_EXPORT_SECRETS") == "1"
    
            filtered_vars = {}
            for k, v in env_vars.items():
                if k not in allowlist:
                    continue
    
                # Pattern-based secret detection
                is_secret = any(p in k for p in ("API_KEY", "TOKEN", "SECRET", "PASSWORD", "MASTER_KEY"))
                if is_secret and not export_secrets:
                    continue
    
                filtered_vars[k] = v
    
            sorted_items = sorted(filtered_vars.items())
    
            with export_path.open("w", encoding="utf-8") as export_file:
                export_file.write("#!/usr/bin/env bash\n")
                export_file.write("# Autogenerated by Dopemux – current instance environment\n")
                export_file.write("# Source this file in your shell to mirror Dopemux routing context.\n\n")
                for key, value in sorted_items:
                    value_str = "" if value is None else str(value)
                    export_file.write(f"export {key}={shlex.quote(value_str)}\n")
    
            with env_path.open("w", encoding="utf-8") as env_file:
                env_file.write("# Autogenerated by Dopemux – docker-compose compatible env file\n")
                for key, value in sorted_items:
                    value_str = "" if value is None else str(value)
                    safe_value = value_str.replace("\\", "\\\\").replace('"', '\\"')
                    env_file.write(f'{key}="{safe_value}"\n')
    
            # Refresh convenience pointers for the active instance
            shutil.copyfile(export_path, target_dir / "current.sh")
            shutil.copyfile(env_path, target_dir / "current.env")
    
            relative_export = export_path.relative_to(project_root)
            console.print(
                f"[dim]✓ Instance environment exported to {relative_export} "
                f"(source .dopemux/env/current.sh to mirror in this shell)[/dim]"
            )
        except Exception as exc:  # pragma: no cover - best effort persistence
>           console.print(
                f"[yellow]⚠️  Could not persist instance environment: {exc}[/yellow]"
            )

src/dopemux/cli.py:252: 
_ _ _ _ _ _ _ _ _ _ _ _ _ _ _ _ _ _ _ _ _ _ _ _ _ _ _ _ _ _ _ _ _ _ _ _ _ _ _ _ 

self = <console width=194 None>, sep = ' ', end = '\n', style = None
justify = None

    def print(
        self,
        *objects: Any,
        sep: str = " ",
        end: str = "\n",
        style: Optional[Union[str, Style]] = None,
        justify: Optional[JustifyMethod] = None,
        overflow: Optional[OverflowMethod] = None,
        no_wrap: Optional[bool] = None,
        emoji: Optional[bool] = None,
        markup: Optional[bool] = None,
        highlight: Optional[bool] = None,
        width: Optional[int] = None,
        height: Optional[int] = None,
        crop: bool = True,
        soft_wrap: Optional[bool] = None,
        new_line_start: bool = False,
    ) -> None:
        """Print to the console.
    
        Args:
            objects (positional args): Objects to log to the terminal.
            sep (str, optional): String to write between print data. Defaults to " ".
            end (str, optional): String to write at end of print data. Defaults to "\\\\n".
            style (Union[str, Style], optional): A style to apply to output. Defaults to None.
            justify (str, optional): Justify method: "default", "left", "right", "center", or "full". Defaults to ``None``.
            overflow (str, optional): Overflow method: "ignore", "crop", "fold", or "ellipsis". Defaults to None.
            no_wrap (Optional[bool], optional): Disable word wrapping. Defaults to None.
            emoji (Optional[bool], optional): Enable emoji code, or ``None`` to use console default. Defaults to ``None``.
            markup (Optional[bool], optional): Enable markup, or ``None`` to use console default. Defaults to ``None``.
            highlight (Optional[bool], optional): Enable automatic highlighting, or ``None`` to use console default. Defaults to ``None``.
            width (Optional[int], optional): Width of output, or ``None`` to auto-detect. Defaults to ``None``.
            crop (Optional[bool], optional): Crop output to width of terminal. Defaults to True.
            soft_wrap (bool, optional): Enable soft wrap mode which disables word wrapping and cropping of text or ``None`` for
                Console default. Defaults to ``None``.
            new_line_start (bool, False): Insert a new line at the start if the output contains more than one line. Defaults to ``False``.
        """
        if not objects:
            objects = (NewLine(),)
    
        if soft_wrap is None:
            soft_wrap = self.soft_wrap
        if soft_wrap:
            if no_wrap is None:
                no_wrap = True
            if overflow is None:
                overflow = "ignore"
            crop = False
        render_hooks = self._render_hooks[:]
        with self:
            renderables = self._collect_renderables(
                objects,
                sep,
                end,
                justify=justify,
                emoji=emoji,
                markup=markup,
                highlight=highlight,
            )
            for hook in render_hooks:
                renderables = hook.process_renderables(renderables)
>           render_options = self.options.update(
                             ^^^^^^^^^^^^
                justify=justify,
                overflow=overflow,
                width=min(width, self.width) if width is not None else NO_CHANGE,
                height=height,
                no_wrap=no_wrap,
                markup=markup,
                highlight=highlight,
            )

../../.pyenv/versions/3.13.6/lib/python3.13/site-packages/rich/console.py:1685: 
_ _ _ _ _ _ _ _ _ _ _ _ _ _ _ _ _ _ _ _ _ _ _ _ _ _ _ _ _ _ _ _ _ _ _ _ _ _ _ _ 

self = <console width=194 None>

    @property
    def options(self) -> ConsoleOptions:
        """Get default console options."""
        return ConsoleOptions(
>           max_height=self.size.height,
                       ^^^^^^^^^
            size=self.size,
            legacy_windows=self.legacy_windows,
            min_width=1,
            max_width=self.width,
            encoding=self.encoding,
            is_terminal=self.is_terminal,
        )

../../.pyenv/versions/3.13.6/lib/python3.13/site-packages/rich/console.py:983: 
_ _ _ _ _ _ _ _ _ _ _ _ _ _ _ _ _ _ _ _ _ _ _ _ _ _ _ _ _ _ _ _ _ _ _ _ _ _ _ _ 

self = <console width=194 None>

    @property
    def size(self) -> ConsoleDimensions:
        """Get the size of the console.
    
        Returns:
            ConsoleDimensions: A named tuple containing the dimensions.
        """
    
        if self._width is not None and self._height is not None:
            return ConsoleDimensions(self._width - self.legacy_windows, self._height)
    
>       if self.is_dumb_terminal:
           ^^^^^^^^^^^^^^^^^^^^^

../../.pyenv/versions/3.13.6/lib/python3.13/site-packages/rich/console.py:1003: 
_ _ _ _ _ _ _ _ _ _ _ _ _ _ _ _ _ _ _ _ _ _ _ _ _ _ _ _ _ _ _ _ _ _ _ _ _ _ _ _ 

self = <console width=194 None>

    @property
    def is_dumb_terminal(self) -> bool:
        """Detect dumb terminal.
    
        Returns:
            bool: True if writing to a dumb terminal, otherwise False.
    
        """
        _term = self._environ.get("TERM", "")
>       is_dumb = _term.lower() in ("dumb", "unknown")
                  ^^^^^^^^^^^
E       AttributeError: 'NoneType' object has no attribute 'lower'

../../.pyenv/versions/3.13.6/lib/python3.13/site-packages/rich/console.py:976: AttributeError
__________________ test_env_export_secrets_masked_by_default ___________________

project_root = <MagicMock id='4448342368'>, instance_id = 'A'
env_vars = {'ANTHROPIC_API_KEY': 'sk-secret-123', 'DOPEMUX_INSTANCE_ID': 'A'}

    def _persist_instance_env_exports(
        project_root: Path, instance_id: str, env_vars: Dict[str, str]
    ) -> None:
        """
        Persist instance environment variables for use outside Dopemux processes.
    
        Writes both `export`-style and `.env`-style files with a strict allowlist
        of routing and identity variables.
        """
        try:
            target_dir = project_root / ".dopemux" / "env"
            target_dir.mkdir(parents=True, exist_ok=True)
    
            slug = instance_id or "A"
            export_path = target_dir / f"instance_{slug}.sh"
            env_path = target_dir / f"instance_{slug}.env"
    
            allowlist = _get_routing_allowlist()
            export_secrets = os.environ.get("DOPEMUX_EXPORT_SECRETS") == "1"
    
            filtered_vars = {}
            for k, v in env_vars.items():
                if k not in allowlist:
                    continue
    
                # Pattern-based secret detection
                is_secret = any(p in k for p in ("API_KEY", "TOKEN", "SECRET", "PASSWORD", "MASTER_KEY"))
                if is_secret and not export_secrets:
                    continue
    
                filtered_vars[k] = v
    
            sorted_items = sorted(filtered_vars.items())
    
            with export_path.open("w", encoding="utf-8") as export_file:
                export_file.write("#!/usr/bin/env bash\n")
                export_file.write("# Autogenerated by Dopemux – current instance environment\n")
                export_file.write("# Source this file in your shell to mirror Dopemux routing context.\n\n")
                for key, value in sorted_items:
                    value_str = "" if value is None else str(value)
                    export_file.write(f"export {key}={shlex.quote(value_str)}\n")
    
            with env_path.open("w", encoding="utf-8") as env_file:
                env_file.write("# Autogenerated by Dopemux – docker-compose compatible env file\n")
                for key, value in sorted_items:
                    value_str = "" if value is None else str(value)
                    safe_value = value_str.replace("\\", "\\\\").replace('"', '\\"')
                    env_file.write(f'{key}="{safe_value}"\n')
    
            # Refresh convenience pointers for the active instance
>           shutil.copyfile(export_path, target_dir / "current.sh")

src/dopemux/cli.py:243: 
_ _ _ _ _ _ _ _ _ _ _ _ _ _ _ _ _ _ _ _ _ _ _ _ _ _ _ _ _ _ _ _ _ _ _ _ _ _ _ _ 

src = <MagicMock id='4448341696'>
dst = <MagicMock name='Path().__truediv__()' id='4448342032'>

    def copyfile(src, dst, *, follow_symlinks=True):
        """Copy data from src to dst in the most efficient way possible.
    
        If follow_symlinks is not set and src is a symbolic link, a new
        symlink will be created instead of copying the file it points to.
    
        """
        sys.audit("shutil.copyfile", src, dst)
    
        if _samefile(src, dst):
>           raise SameFileError("{!r} and {!r} are the same file".format(src, dst))
E           shutil.SameFileError: <MagicMock id='4448341696'> and <MagicMock name='Path().__truediv__()' id='4448342032'> are the same file

../../.pyenv/versions/3.13.6/lib/python3.13/shutil.py:240: SameFileError

During handling of the above exception, another exception occurred:

mock_env_get = <MagicMock name='get' id='4448343712'>
mock_path_cls = <MagicMock name='Path' id='4448344048'>

    @patch("dopemux.cli.Path")
    @patch("os.environ.get")
    def test_env_export_secrets_masked_by_default(mock_env_get, mock_path_cls):
        """
        Verify that secrets are NOT exported by default.
        """
        mock_env_get.side_effect = lambda k, default=None: "0" if k == "DOPEMUX_EXPORT_SECRETS" else None
    
        mock_file = MagicMock()
        mock_instance_dir = MagicMock()
        mock_handle = MagicMock()
        mock_file.open.return_value.__enter__.return_value = mock_handle
    
        def path_div_side_effect(name):
            return mock_file if "instance_" in str(name) else mock_instance_dir
    
        mock_instance_dir.__truediv__.side_effect = path_div_side_effect
        mock_path_cls.return_value.__truediv__.return_value = mock_instance_dir
    
        mock_root = MagicMock()
        mock_root.__truediv__.return_value = mock_instance_dir
    
        input_vars = {
            "ANTHROPIC_API_KEY": "sk-secret-123",
            "DOPEMUX_INSTANCE_ID": "A",
        }
    
>       _persist_instance_env_exports(mock_root, "A", input_vars)

tests/unit/test_env_export_allowlist.py:125: 
_ _ _ _ _ _ _ _ _ _ _ _ _ _ _ _ _ _ _ _ _ _ _ _ _ _ _ _ _ _ _ _ _ _ _ _ _ _ _ _ 

project_root = <MagicMock id='4448342368'>, instance_id = 'A'
env_vars = {'ANTHROPIC_API_KEY': 'sk-secret-123', 'DOPEMUX_INSTANCE_ID': 'A'}

    def _persist_instance_env_exports(
        project_root: Path, instance_id: str, env_vars: Dict[str, str]
    ) -> None:
        """
        Persist instance environment variables for use outside Dopemux processes.
    
        Writes both `export`-style and `.env`-style files with a strict allowlist
        of routing and identity variables.
        """
        try:
            target_dir = project_root / ".dopemux" / "env"
            target_dir.mkdir(parents=True, exist_ok=True)
    
            slug = instance_id or "A"
            export_path = target_dir / f"instance_{slug}.sh"
            env_path = target_dir / f"instance_{slug}.env"
    
            allowlist = _get_routing_allowlist()
            export_secrets = os.environ.get("DOPEMUX_EXPORT_SECRETS") == "1"
    
            filtered_vars = {}
            for k, v in env_vars.items():
                if k not in allowlist:
                    continue
    
                # Pattern-based secret detection
                is_secret = any(p in k for p in ("API_KEY", "TOKEN", "SECRET", "PASSWORD", "MASTER_KEY"))
                if is_secret and not export_secrets:
                    continue
    
                filtered_vars[k] = v
    
            sorted_items = sorted(filtered_vars.items())
    
            with export_path.open("w", encoding="utf-8") as export_file:
                export_file.write("#!/usr/bin/env bash\n")
                export_file.write("# Autogenerated by Dopemux – current instance environment\n")
                export_file.write("# Source this file in your shell to mirror Dopemux routing context.\n\n")
                for key, value in sorted_items:
                    value_str = "" if value is None else str(value)
                    export_file.write(f"export {key}={shlex.quote(value_str)}\n")
    
            with env_path.open("w", encoding="utf-8") as env_file:
                env_file.write("# Autogenerated by Dopemux – docker-compose compatible env file\n")
                for key, value in sorted_items:
                    value_str = "" if value is None else str(value)
                    safe_value = value_str.replace("\\", "\\\\").replace('"', '\\"')
                    env_file.write(f'{key}="{safe_value}"\n')
    
            # Refresh convenience pointers for the active instance
            shutil.copyfile(export_path, target_dir / "current.sh")
            shutil.copyfile(env_path, target_dir / "current.env")
    
            relative_export = export_path.relative_to(project_root)
            console.print(
                f"[dim]✓ Instance environment exported to {relative_export} "
                f"(source .dopemux/env/current.sh to mirror in this shell)[/dim]"
            )
        except Exception as exc:  # pragma: no cover - best effort persistence
>           console.print(
                f"[yellow]⚠️  Could not persist instance environment: {exc}[/yellow]"
            )

src/dopemux/cli.py:252: 
_ _ _ _ _ _ _ _ _ _ _ _ _ _ _ _ _ _ _ _ _ _ _ _ _ _ _ _ _ _ _ _ _ _ _ _ _ _ _ _ 

self = <console width=194 None>, sep = ' ', end = '\n', style = None
justify = None

    def print(
        self,
        *objects: Any,
        sep: str = " ",
        end: str = "\n",
        style: Optional[Union[str, Style]] = None,
        justify: Optional[JustifyMethod] = None,
        overflow: Optional[OverflowMethod] = None,
        no_wrap: Optional[bool] = None,
        emoji: Optional[bool] = None,
        markup: Optional[bool] = None,
        highlight: Optional[bool] = None,
        width: Optional[int] = None,
        height: Optional[int] = None,
        crop: bool = True,
        soft_wrap: Optional[bool] = None,
        new_line_start: bool = False,
    ) -> None:
        """Print to the console.
    
        Args:
            objects (positional args): Objects to log to the terminal.
            sep (str, optional): String to write between print data. Defaults to " ".
            end (str, optional): String to write at end of print data. Defaults to "\\\\n".
            style (Union[str, Style], optional): A style to apply to output. Defaults to None.
            justify (str, optional): Justify method: "default", "left", "right", "center", or "full". Defaults to ``None``.
            overflow (str, optional): Overflow method: "ignore", "crop", "fold", or "ellipsis". Defaults to None.
            no_wrap (Optional[bool], optional): Disable word wrapping. Defaults to None.
            emoji (Optional[bool], optional): Enable emoji code, or ``None`` to use console default. Defaults to ``None``.
            markup (Optional[bool], optional): Enable markup, or ``None`` to use console default. Defaults to ``None``.
            highlight (Optional[bool], optional): Enable automatic highlighting, or ``None`` to use console default. Defaults to ``None``.
            width (Optional[int], optional): Width of output, or ``None`` to auto-detect. Defaults to ``None``.
            crop (Optional[bool], optional): Crop output to width of terminal. Defaults to True.
            soft_wrap (bool, optional): Enable soft wrap mode which disables word wrapping and cropping of text or ``None`` for
                Console default. Defaults to ``None``.
            new_line_start (bool, False): Insert a new line at the start if the output contains more than one line. Defaults to ``False``.
        """
        if not objects:
            objects = (NewLine(),)
    
        if soft_wrap is None:
            soft_wrap = self.soft_wrap
        if soft_wrap:
            if no_wrap is None:
                no_wrap = True
            if overflow is None:
                overflow = "ignore"
            crop = False
        render_hooks = self._render_hooks[:]
        with self:
            renderables = self._collect_renderables(
                objects,
                sep,
                end,
                justify=justify,
                emoji=emoji,
                markup=markup,
                highlight=highlight,
            )
            for hook in render_hooks:
                renderables = hook.process_renderables(renderables)
>           render_options = self.options.update(
                             ^^^^^^^^^^^^
                justify=justify,
                overflow=overflow,
                width=min(width, self.width) if width is not None else NO_CHANGE,
                height=height,
                no_wrap=no_wrap,
                markup=markup,
                highlight=highlight,
            )

../../.pyenv/versions/3.13.6/lib/python3.13/site-packages/rich/console.py:1685: 
_ _ _ _ _ _ _ _ _ _ _ _ _ _ _ _ _ _ _ _ _ _ _ _ _ _ _ _ _ _ _ _ _ _ _ _ _ _ _ _ 

self = <console width=194 None>

    @property
    def options(self) -> ConsoleOptions:
        """Get default console options."""
        return ConsoleOptions(
>           max_height=self.size.height,
                       ^^^^^^^^^
            size=self.size,
            legacy_windows=self.legacy_windows,
            min_width=1,
            max_width=self.width,
            encoding=self.encoding,
            is_terminal=self.is_terminal,
        )

../../.pyenv/versions/3.13.6/lib/python3.13/site-packages/rich/console.py:983: 
_ _ _ _ _ _ _ _ _ _ _ _ _ _ _ _ _ _ _ _ _ _ _ _ _ _ _ _ _ _ _ _ _ _ _ _ _ _ _ _ 

self = <console width=194 None>

    @property
    def size(self) -> ConsoleDimensions:
        """Get the size of the console.
    
        Returns:
            ConsoleDimensions: A named tuple containing the dimensions.
        """
    
        if self._width is not None and self._height is not None:
            return ConsoleDimensions(self._width - self.legacy_windows, self._height)
    
>       if self.is_dumb_terminal:
           ^^^^^^^^^^^^^^^^^^^^^

../../.pyenv/versions/3.13.6/lib/python3.13/site-packages/rich/console.py:1003: 
_ _ _ _ _ _ _ _ _ _ _ _ _ _ _ _ _ _ _ _ _ _ _ _ _ _ _ _ _ _ _ _ _ _ _ _ _ _ _ _ 

self = <console width=194 None>

    @property
    def is_dumb_terminal(self) -> bool:
        """Detect dumb terminal.
    
        Returns:
            bool: True if writing to a dumb terminal, otherwise False.
    
        """
        _term = self._environ.get("TERM", "")
>       is_dumb = _term.lower() in ("dumb", "unknown")
                  ^^^^^^^^^^^
E       AttributeError: 'NoneType' object has no attribute 'lower'

../../.pyenv/versions/3.13.6/lib/python3.13/site-packages/rich/console.py:976: AttributeError
================================ tests coverage ================================
_______________ coverage: platform darwin, python 3.13.6-final-0 _______________

Name                                                    Stmts   Miss Branch BrPart  Cover   Missing
---------------------------------------------------------------------------------------------------
src/dopemux/__init__.py                                     7      0      0      0   100%
src/dopemux/__version__.py                                  1      1      0      0     0%   3
src/dopemux/adhd/__init__.py                                4      0      0      0   100%
src/dopemux/adhd/attention_monitor.py                     212    163     54      1    19%   22, 64-100, 104-112, 116-122, 126-132, 147-168, 184, 188-201, 205-211, 215-255, 259-264, 268-273, 277-282, 293-308, 320-340, 344-363, 367-376, 380-386, 390-408, 412-447, 451-462, 466
src/dopemux/adhd/context_manager.py                       436    383    168      0     9%   33-49, 53, 76, 93-104, 108-114, 126-139, 153-187, 191-236, 254-280, 292-309, 318-337, 349-382, 386-391, 395-397, 401-402, 414-436, 440-494, 498-571, 575-640, 644-646, 654-659, 663-688, 693-723, 729-764, 768-790, 796, 801, 806, 815, 820-821, 827, 831-858, 866-867, 881-883, 887-916, 922-939
src/dopemux/adhd/task_decomposer.py                       135     94     18      0    27%   28, 55-57, 62-68, 92-118, 140-149, 153, 167-178, 193-202, 206-216, 220-235, 243-258, 263-270, 277
src/dopemux/adhd/workflow_manager.py                      118    118     34      0     0%   19-352
src/dopemux/adhd_error_messages.py                         36     36      6      0     0%   17-229
src/dopemux/analysis/__init__.py                            4      4      0      0     0%   8-12
src/dopemux/analysis/embedder.py                          414    414    140      0     0%   3-942
src/dopemux/analysis/extractor.py                         141    141     52      0     0%   8-443
src/dopemux/analysis/processor.py                         164    164     40      0     0%   8-421
src/dopemux/analytics.py                                    2      2      0      0     0%   8-19
src/dopemux/auto_configurator.py                          126    126     42      0     0%   18-285
src/dopemux/auto_detection_service.py                     119    119     30      0     0%   8-276
src/dopemux/claude/__init__.py                              3      0      0      0   100%
src/dopemux/claude/configurator.py                        106     81     16      0    20%   34, 47-66, 72-141, 145-206, 210-265, 269-314, 318-347, 351-362, 366-411, 418-460, 467-494, 501, 523-544, 551-572, 578-599, 612-639, 643-668
src/dopemux/claude/launcher.py                            232    202     86      0     9%   45-66, 71-109, 113, 117, 150-217, 223-283, 288-298, 302-377, 381-399, 403, 412-464, 468-504, 509-534, 538-539
src/dopemux/claude_config.py                              130    104     44      0    15%   65-70, 81-95, 109-122, 140-168, 175-194, 202-203, 220-246, 274-293, 304-312, 326-335, 343, 354-368
src/dopemux/claude_manager.py                              15     15      2      0     0%   5-33
src/dopemux/claude_tools/__init__.py                        2      0      0      0   100%
src/dopemux/claude_tools/agent_communication.py           129     82     26      0    30%   49-52, 56, 68-69, 103-109, 113, 136-151, 165-187, 203-217, 231, 253-292, 311-349, 358, 368, 379, 389, 399, 415, 427-441
src/dopemux/claude_tools/cli.py                           424    313    108      0    21%   37, 44-61, 68-80, 86-98, 104-120, 127, 136-145, 152-173, 180, 186-197, 205-218, 224, 231-243, 250-262, 269-281, 287-301, 308, 318-340, 348-364, 374-389, 396, 405-419, 428-447, 454-469, 477-492, 500-515, 522-539, 546-563, 570-585, 592-606
src/dopemux/claude_tools/command_interceptor.py           108     74     46      0    22%   53-55, 59, 78-118, 141-162, 171, 175-192, 196-219, 224-239, 244-252, 256-262, 277-279, 285
src/dopemux/claude_tools/debugging_support.py             228    172     54      0    20%   55-60, 88-91, 95, 133-159, 164-173, 183-197, 211-230, 243-256, 270-297, 311-326, 339-353, 366-380, 390-403, 414-439, 444-446, 451-453, 458-462, 466-475, 479-491, 495, 499, 503-507
src/dopemux/claude_tools/env_safe.py                       86     71     28      0    13%   40, 52-66, 79-84, 93-107, 117-166, 180-214
src/dopemux/claude_tools/integration.py                   114     64      4      0    42%   45-59, 72-85, 104-110, 115, 119, 123, 127, 131, 135, 139, 143, 148, 152, 156, 160, 167, 171, 175, 180, 184, 188, 192, 197, 201, 205, 209, 213, 217, 221, 225, 229, 238, 244, 259-263, 269-274, 279-284
src/dopemux/claude_tools/safety_hooks.py                  113     90     46      0    14%   46-60, 76-117, 125-133, 137-141, 146-155, 160-185, 190-197, 202-223, 227-235, 240-248, 252-258, 261-265, 268
src/dopemux/claude_tools/session_manager.py               209    175     58      0    13%   54-58, 67-75, 86-99, 108-118, 134-152, 166-188, 202-233, 247-278, 294-305, 314-348, 360-380, 392-409, 421-435, 447-454, 466-484, 496-513
src/dopemux/claude_tools/setup.py                          13     13      0      0     0%   7-36
src/dopemux/claude_tools/tmux_cli.py                      129     99     36      0    18%   38, 61, 74-97, 111-131, 145-158, 168-179, 189-200, 213-244, 260-277, 286-313
src/dopemux/claude_tools/vault.py                          89     89     22      0     0%   9-196
src/dopemux/cli.py                                       3448   2896    960      3    13%   94->97, 110, 244-247, 260-301, 306-319, 324-337, 342-392, 398-405, 411-424, 431-434, 445-465, 483-506, 531-589, 600-611, 713-1773, 1787-1807, 1822-1880, 1891, 1903-1996, 2020-2102, 2121-2202, 2218-2333, 2344-2363, 2375-2394, 2419-2488, 2523-2581, 2592-2633, 2644-2693, 2704-2732, 2744, 2782-2788, 2810-2965, 3064-3070, 3106-3217, 3264-3270, 3290-3489, 3522-3602, 3615-3627, 3633-3638, 3644-3647, 3654-3662, 3687-3717, 3729, 3734, 3739, 3745, 3769-3925, 3948-4009, 4014-4021, 4027-4053, 4059-4077, 4096-4243, 4260-4316, 4321-4337, 4342-4350, 4367-4381, 4385-4448, 4454-4484, 4518-4524, 4546-4656, 4700-4706, 4730-4852, 4858, 4902-4947, 4959-4981, 5002-5049, 5061-5103, 5108-5139, 5149, 5161-5212, 5221-5243, 5252-5282, 5289-5306, 5313-5342, 5350-5384, 5394-5476, 5486-5565, 5574, 5581-5582, 5590-5596, 5604-5631, 5640-5682, 5691-5693, 5718-5755, 5774-5852, 5875, 5886, 5900, 5921-5936, 5959, 5976-5977, 5998, 6009-6010, 6019, 6037, 6058-6112, 6127-6161, 6171-6232, 6237-6241, 6257, 6263, 6279-6298, 6309-6332, 6350-6376, 6411-6456, 6485-6486, 6502-6504, 6513, 6519-6523, 6530-6534, 6543-6622, 6627-6637, 6658-6744
src/dopemux/cli_worktree_enhanced.py                       82     82     14      0     0%   9-273
src/dopemux/commands/__init__.py                            0      0      0      0   100%
src/dopemux/commands/decisions_commands.py                782    774    234      0     1%   26-1849
src/dopemux/config/__init__.py                              2      0      0      0   100%
src/dopemux/config/base.py                                 18     18      4      0     0%   7-37
src/dopemux/config/manager.py                             303    143     72      0    43%   44-46, 106-108, 112-114, 139-153, 240, 285-287, 291-299, 314-340, 344-348, 352-361, 365-366, 370-372, 376-381, 385-389, 393-394, 398-399, 403-404, 408-412, 416-429, 436, 577, 675, 725-735, 741-753, 757-784, 788-793, 797-807, 811-815, 819, 823
src/dopemux/config_generator.py                           113    113     36      0     0%   8-350
src/dopemux/console.py                                     10      2      0      0    80%   26, 30
src/dopemux/console_utils.py                                2      0      0      0   100%
src/dopemux/dev_commands.py                                67     52     20      0    17%   22-59, 65-81, 87-106
src/dopemux/dev_mode.py                                    60     39     28      0    24%   45-59, 78-94, 104-111, 117-121, 126-128, 133-135, 140-145, 155
src/dopemux/dope_brainz_router.py                         216    171     58      0    16%   36, 46-67, 80-162, 176-216, 220, 234-242, 245-252, 257-258, 261-269, 277-283, 295-314, 317-328, 331-340, 343-349, 352-353, 364-370, 373-379, 382-384
src/dopemux/embeddings/__init__.py                          9      9      0      0     0%   24-78
src/dopemux/embeddings/core/__init__.py                     6      6      0      0     0%   9-58
src/dopemux/embeddings/core/config.py                     101    101     16      0     0%   8-170
src/dopemux/embeddings/core/interfaces.py                  20     20      0      0     0%   8-273
src/dopemux/embeddings/core/metrics.py                     84     84     24      0     0%   8-172
src/dopemux/embeddings/core/presets.py                     26     26      0      0     0%   8-233
src/dopemux/embeddings/core/types.py                       90     90      0      0     0%   8-210
src/dopemux/embeddings/enhancers/__init__.py                3      3      0      0     0%   8-17
src/dopemux/embeddings/enhancers/base.py                    4      4      0      0     0%   8-14
src/dopemux/embeddings/enhancers/consensus.py             178    178     54      0     0%   8-378
src/dopemux/embeddings/error_handling.py                    2      2      0      0     0%   10-36
src/dopemux/embeddings/integrations/__init__.py             4      4      0      0     0%   8-12
src/dopemux/embeddings/integrations/base.py                 6      6      0      0     0%   8-23
src/dopemux/embeddings/integrations/conport.py            232    232     76      0     0%   9-541
src/dopemux/embeddings/integrations/serena.py             375    375    160      0     0%   9-792
src/dopemux/embeddings/pipelines/__init__.py                5      5      0      0     0%   8-13
src/dopemux/embeddings/pipelines/base.py                  173    173     58      0     0%   8-401
src/dopemux/embeddings/pipelines/document_pipeline.py     241    241     90      0     0%   9-519
src/dopemux/embeddings/pipelines/search_pipeline.py       208    208     60      0     0%   9-489
src/dopemux/embeddings/pipelines/sync_pipeline.py         265    265     98      0     0%   9-581
src/dopemux/embeddings/providers/__init__.py                2      2      0      0     0%   8-10
src/dopemux/embeddings/providers/voyage.py                141    141     30      0     0%   8-381
src/dopemux/embeddings/storage/__init__.py                  6      6      0      0     0%   9-39
src/dopemux/embeddings/storage/base.py                      8      8      0      0     0%   8-219
src/dopemux/embeddings/storage/hybrid_store.py            352    352     92      0     0%   8-682
src/dopemux/embeddings/storage/ranking.py                 134    134     36      0     0%   8-370
src/dopemux/embeddings/storage/text_indices.py            148    148     32      0     0%   8-366
src/dopemux/embeddings/storage/vector_indices.py          184    184     32      0     0%   8-474
src/dopemux/error_handling.py                             237    237     68      0     0%   16-468
src/dopemux/event_bus.py                                  123    123     32      0     0%   6-175
src/dopemux/events/__init__.py                              2      2      0      0     0%   8-16
src/dopemux/events/types.py                                69     69      0      0     0%   8-115
src/dopemux/extraction/__init__.py                          3      3      0      0     0%   8-11
src/dopemux/extraction/advanced_embeddings.py             205    205     32      0     0%   10-441
src/dopemux/extraction/cleanup.py                         278    278     92      0     0%   8-610
src/dopemux/extraction/consensus_validator.py             230    230     66      0     0%   12-498
src/dopemux/extraction/hybrid_vector_store.py             456    456    120      0     0%   14-926
src/dopemux/extraction/pipeline_orchestrator.py           344    344     90      0     0%   12-698
src/dopemux/extraction/synthesizer.py                     274    274     98      0     0%   8-548
src/dopemux/extraction/unified_extractor.py               151    151     60      0     0%   8-428
src/dopemux/global_config.py                               89     59     18      0    28%   31, 35, 45-58, 62-64, 68, 72-73, 77-81, 96-118, 128-132, 136-142, 146-151
src/dopemux/health.py                                     259    220     80      0    12%   62-72, 83-102, 106-113, 117-166, 175-210, 219-258, 267-328, 337-385, 394-469, 482-558, 568-575, 579-587
src/dopemux/instance_manager.py                           181    140     48      0    18%   55-61, 73-94, 108-136, 140-141, 145-146, 150-155, 159-172, 187-194, 222-246, 268-296, 305-332, 344-360, 367-368, 372-403, 407-427, 431-434, 446-447, 474-520
src/dopemux/instance_state.py                             291    291     70      0     0%   8-627
src/dopemux/litellm_proxy.py                              390    319    108      0    14%   38-40, 50-51, 62-66, 199-209, 296-314, 342-442, 464, 481-546, 557-569, 573-679, 683-722, 725-740, 743-753, 756-788, 791-795, 798, 801-807, 811-819, 826-837, 847-852, 855-856, 860-881, 885-889, 892-904
src/dopemux/logging/__init__.py                           153    153     36      0     0%   3-301
src/dopemux/logging/packet.py                              79     79     28      0     0%   3-223
src/dopemux/main_worktree_detector.py                      59     38     18      0    27%   42, 72-74, 84-107, 128-137, 148-152, 170-175, 188-189
src/dopemux/mcp/__init__.py                                 8      8      0      0     0%   22-31
src/dopemux/mcp/broker.py                                 402    402     88      0     0%   23-933
src/dopemux/mcp/conport_mcp_tools.py                      190    190     40      0     0%   17-576
src/dopemux/mcp/hooks.py                                  243    243     90      0     0%   18-616
src/dopemux/mcp/observability.py                          258    258     80      0     0%   24-775
src/dopemux/mcp/parallel_executor.py                       67     67     14      0     0%   15-245
src/dopemux/mcp/roles.py                                  240    240    120      0     0%   23-553
src/dopemux/mcp/server_manager.py                         429    429    104      0     0%   24-843
src/dopemux/mcp/session_manager.py                        355    355    112      0     0%   25-900
src/dopemux/mcp/token_manager.py                          295    295     74      0     0%   25-765
src/dopemux/memory/__init__.py                              3      3      0      0     0%   3-17
src/dopemux/memory/capture_client.py                      188    188     58      0     0%   3-410
src/dopemux/memory/global_rollup.py                       187    187     68      0     0%   3-429
src/dopemux/migration.py                                   24     24      0      0     0%   8-62
src/dopemux/mobile/__init__.py                              2      0      0      0   100%
src/dopemux/mobile/cli.py                                 195    154     68      0    16%   30-33, 38-39, 43-44, 48-74, 106-163, 173-192, 201-216, 227-299
src/dopemux/mobile/hooks.py                                21     12      2      0    39%   15-17, 30-45
src/dopemux/mobile/runtime.py                             245    201     96      0    13%   47-50, 56-70, 77-82, 88-106, 110-123, 135-167, 171-184, 188-190, 202-296, 300-306, 315-346, 352-355, 368-382, 388-400, 412-431, 437-457, 464-488
src/dopemux/mobile/tmux_utils.py                          184    135     52      0    21%   29, 35-46, 52-58, 64-73, 85-108, 112-119, 125-126, 132-160, 174-193, 209-237, 242-250, 256, 262, 268, 274-276, 282, 288, 294, 300-310, 315-321, 326-338, 344, 350, 356, 362-363, 369-372, 378, 384, 390-393, 399, 405, 411-415, 421
src/dopemux/port_config.py                                 18     18      4      0     0%   8-72
src/dopemux/profile_analytics.py                          181    181     50      0     0%   8-517
src/dopemux/profile_analyzer.py                           169    169     76      0     0%   8-366
src/dopemux/profile_commands.py                           272    219     76      0    15%   31-39, 44, 49-51, 56-63, 68-74, 79-85, 91-109, 153-292, 301-330, 345-365, 373-390, 398-425, 435-458
src/dopemux/profile_detector.py                           280    280    130      0     0%   8-568
src/dopemux/profile_manager.py                            173    138     64      0    15%   49-51, 56-59, 71-83, 96-101, 105-115, 119-124, 144-190, 194-199, 223-285, 289-291, 310-344, 348-356, 360-376, 385-399
src/dopemux/profile_models.py                              93     34     20      0    52%   37-39, 121-130, 184-189, 195-200, 205-210, 256-263, 274-277, 285, 297-304
src/dopemux/profile_parser.py                             114     93     36      0    14%   45-48, 52-71, 88-89, 106-124, 138-143, 162-209, 229-265, 285-308, 330-331, 352-353
src/dopemux/profile_wizard.py                              84     84     18      0     0%   8-223
src/dopemux/project_init.py                               129    108     48      0    12%   37-39, 49-84, 97-190, 199-234, 239-255, 260-264, 267-268
src/dopemux/protection_interceptor.py                     302    270     92      0     8%   53-55, 60, 86-113, 118-129, 143-181, 195-255, 269-292, 301-305, 315-342, 352-405, 424-533, 551, 560-589, 596-632
src/dopemux/roles/__init__.py                               2      0      0      0   100%
src/dopemux/roles/catalog.py                               94     59     28      0    29%   200, 205-226, 234-264, 286-326
src/dopemux/safe_subprocess.py                             61     61     14      0     0%   10-117
src/dopemux/scorer.py                                       8      8      0      0     0%   7-27
src/dopemux/session_manager.py                             17     17      4      0     0%   7-35
src/dopemux/shell_integration_installer.py                 98     98     26      0     0%   17-201
src/dopemux/signal_collectors.py                           15     15      2      0     0%   8-42
src/dopemux/startup_hints.py                               50     50      6      0     0%   6-395
src/dopemux/statusline_integration.py                       8      8      2      0     0%   5-22
src/dopemux/suggestion_engine.py                           43     43     20      0     0%   8-98
src/dopemux/switcher.py                                    48     48     10      0     0%   8-92
src/dopemux/tmux/__init__.py                                3      0      0      0   100%
src/dopemux/tmux/cli.py                                  1058    925    320      0    10%   169-193, 198-210, 219-276, 279-289, 293-318, 322-325, 337-399, 414-440, 485-495, 516-528, 552-554, 570-607, 616-687, 691-695, 708-790, 801-1138, 1156-1567, 1612-1621, 1642-1644, 1659-1676, 1686-1704, 1740-1821, 1878-2358
src/dopemux/tmux/common.py                                 15      1      0      0    93%   24
src/dopemux/tmux/controller.py                            457    340    166      0    19%   151-162, 165-191, 205-234, 237, 240, 252-271, 274-275, 278-284, 287-303, 306-314, 317-318, 321, 324, 327-334, 337-340, 343, 346, 352, 355, 358-360, 363, 366, 369, 380, 383-393, 396, 399, 402, 407-410, 672-677, 681-685, 689, 704-755, 767-790, 799-805, 813-817, 820-824, 827, 831, 835, 848, 858, 861, 865-874, 881, 884, 887, 890, 893, 896, 899, 902, 905, 909, 912, 915, 922-923, 926-935, 938-942, 949-983, 986-987, 995-1009, 1012-1019, 1022, 1025-1048, 1051-1115, 1118-1129, 1132
src/dopemux/tmux/layouts.py                                40     40     12      0     0%   5-152
src/dopemux/ui/__init__.py                                  0      0      0      0   100%
src/dopemux/ui/dashboard.py                               159    159     14      0     0%   1-316
src/dopemux/ui/dashboard_detail.py                         59     59     10      0     0%   1-130
src/dopemux/uncommitted_detector.py                       111     84     36      0    18%   30, 39-56, 68, 81-84, 88-89, 102-123, 133-189, 205-211, 222-226, 235-253, 267-268, 281-286
src/dopemux/update/__init__.py                              5      5      0      0     0%   8-13
src/dopemux/update/health.py                              176    176     42      0     0%   8-379
src/dopemux/update/manager.py                             193    193     34      0     0%   8-358
src/dopemux/update/phases.py                              379    379    108      0     0%   8-712
src/dopemux/update/progress.py                            127    127     20      0     0%   8-276
src/dopemux/update/rollback.py                            279    279     72      0     0%   8-518
src/dopemux/workspace_detection.py                        108     94     42      0     9%   43-58, 68-79, 112-181, 211-216, 237-266, 293-341
src/dopemux/workspace_env.py                               33     33      2      0     0%   3-71
src/dopemux/workspace_utils.py                              5      5      0      0     0%   9-25
src/dopemux/worktree_commands.py                          111    111     42      0     0%   16-357
src/dopemux/worktree_diagnostics.py                       152    152     42      0     0%   18-276
src/dopemux/worktree_manager_enhanced.py                  332    332    124      0     0%   16-703
src/dopemux/worktree_name_inferrer.py                     153    122     60      0    15%   36, 56, 60-71, 84-99, 103-110, 119-131, 140-175, 193-214, 218-221, 240-273, 284-285, 301-322, 334-343, 355-367, 384-385, 399-401
src/dopemux/worktree_recovery.py                          214    214     62      0     0%   11-475
src/dopemux/worktree_templates.py                          95     95     42      0     0%   17-292
---------------------------------------------------------------------------------------------------
TOTAL                                                   26091  23694   7550      4     7%
Coverage HTML written to dir htmlcov
Coverage XML written to file coverage.xml
FAIL Required test coverage of 80% not reached. Total coverage: 7.17%
=========================== short test summary info ============================
FAILED tests/unit/test_env_export_allowlist.py::test_env_export_secrets_opt_in
FAILED tests/unit/test_env_export_allowlist.py::test_env_export_secrets_masked_by_default
========================= 2 failed, 1 passed in 4.84s ==========================
