An unexpected error has occurred: CalledProcessError: command: ('/opt/homebrew/bin/git', 'write-tree')
return code: 128
stdout: (none)
stderr:
    fatal: Unable to create '/Users/hue/code/dopemux-mvp/.git/worktrees/checkout/index.lock': Operation not permitted
Check the log at /private/tmp/kit001-clean-r1-20260908/pre-commit-home/pre-commit.log
[INFO] Installing environment for local.
[INFO] Once installed this environment will be reused.
[INFO] This may take a few minutes...
[INFO] Installing environment for https://github.com/igorshubovych/markdownlint-cli.
[INFO] Once installed this environment will be reused.
[INFO] This may take a few minutes...
[INFO] Installing environment for https://github.com/pre-commit/pre-commit-hooks.
[INFO] Once installed this environment will be reused.
[INFO] This may take a few minutes...
Evidence-economy change-contract preflight.................................................Passed
Validate Control Tower kit contracts.......................................................Passed
Validate YAML frontmatter in docs......................................(no files to check)Skipped
Block deprecated memory backends in slash commands.....................(no files to check)Skipped
Validate templates/skills SKILL.md frontmatter.........................(no files to check)Skipped
Validate documentation against knowledge graph schema..................(no files to check)Skipped
Block prohibited documentation patterns (NOTES, TODO, TEMP, etc.)......(no files to check)Skipped
Validate prelude ≤100 tokens for efficient embeddings..................(no files to check)Skipped
Enforce markdown file locations for changed files..........................................Passed
Enforce docs placement hygiene (changed files).........................(no files to check)Skipped
Enforce docs filename hygiene (kebab-case).............................(no files to check)Skipped
Audit docs filename hygiene (kebab-case, full-tree legacy debt)............................Passed
Reject executable/config code under UPGRADES (docs-only legacy tree)...(no files to check)Skipped
Enforce repository root hygiene (no random root files).....................................Passed
Validate proof bundle embedded_audit schema................................................Passed
Validate GitHub Actions workflow syntax................................(no files to check)Skipped
markdownlint...........................................................(no files to check)Skipped
trim trailing whitespace...............................................(no files to check)Skipped
fix end of files.......................................................(no files to check)Skipped
check yaml.............................................................(no files to check)Skipped
