zsh:1: command not found: pre-commit
An unexpected error has occurred: PermissionError: [Errno 1] Operation not permitted: '/Users/hue/.cache/pre-commit'
Traceback (most recent call last):
  File "/private/tmp/control-tower-publish-20260908/dNh_CRM/.venv/lib/python3.12/site-packages/pre_commit/error_handler.py", line 73, in error_handler
    yield
  File "/private/tmp/control-tower-publish-20260908/dNh_CRM/.venv/lib/python3.12/site-packages/pre_commit/main.py", line 380, in main
    store = Store()
            ^^^^^^^
  File "/private/tmp/control-tower-publish-20260908/dNh_CRM/.venv/lib/python3.12/site-packages/pre_commit/store.py", line 71, in __init__
    os.makedirs(self.directory, exist_ok=True)
  File "<frozen os>", line 225, in makedirs
PermissionError: [Errno 1] Operation not permitted: '/Users/hue/.cache/pre-commit'

During handling of the above exception, another exception occurred:

Traceback (most recent call last):
  File "/private/tmp/control-tower-publish-20260908/dNh_CRM/.venv/bin/pre-commit", line 10, in <module>
    sys.exit(main())
             ^^^^^^
  File "/private/tmp/control-tower-publish-20260908/dNh_CRM/.venv/lib/python3.12/site-packages/pre_commit/main.py", line 377, in main
    with error_handler(), logging_handler(args.color):
         ^^^^^^^^^^^^^^^
  File "/Users/hue/.local/share/uv/python/cpython-3.12.9-macos-aarch64-none/lib/python3.12/contextlib.py", line 158, in __exit__
    self.gen.throw(value)
  File "/private/tmp/control-tower-publish-20260908/dNh_CRM/.venv/lib/python3.12/site-packages/pre_commit/error_handler.py", line 81, in error_handler
    _log_and_exit(msg, ret_code, e, traceback.format_exc())
  File "/private/tmp/control-tower-publish-20260908/dNh_CRM/.venv/lib/python3.12/site-packages/pre_commit/error_handler.py", line 31, in _log_and_exit
    storedir = Store().directory
               ^^^^^^^
  File "/private/tmp/control-tower-publish-20260908/dNh_CRM/.venv/lib/python3.12/site-packages/pre_commit/store.py", line 71, in __init__
    os.makedirs(self.directory, exist_ok=True)
  File "<frozen os>", line 225, in makedirs
PermissionError: [Errno 1] Operation not permitted: '/Users/hue/.cache/pre-commit'
[INFO] Initializing environment for local:jsonschema.
[INFO] Initializing environment for https://github.com/igorshubovych/markdownlint-cli.
An unexpected error has occurred: CalledProcessError: command: ('/opt/homebrew/bin/git', 'fetch', 'origin', '--tags')
return code: 128
stdout: (none)
stderr:
    fatal: unable to access 'https://github.com/igorshubovych/markdownlint-cli/': Could not resolve host: github.com
Check the log at /private/tmp/kit001-clean-r1-20260908/pre-commit-home/pre-commit.log
[INFO] Initializing environment for https://github.com/igorshubovych/markdownlint-cli.
[INFO] Initializing environment for https://github.com/pre-commit/pre-commit-hooks.
[WARNING] repo `https://github.com/pre-commit/pre-commit-hooks` uses deprecated stage names (commit, push) which will be removed in a future version.  Hint: often `pre-commit autoupdate --repo https://github.com/pre-commit/pre-commit-hooks` will fix this.  if it does not -- consider reporting an issue to that repo.
Validate Control Tower kit contracts.....................................Passed
